https://arstechnica.com/information-technology/2017/11/twitter-our-blue-check-marks-arent-just-about-verification/?comments=1
https://gizmodo.com/twitter-might-be-removing-verification-from-a-whole-lot-1820487230


Double-check:
https://www.buzzfeed.com/alexkantrowitz/twitter-revamps-verification-unverifies-prominent-white?utm_term=.iaPY5KyPmO#.ke36g1PZo8
